---
source: src/test.rs
info:
  program: brooks-cli
  args:
    - analyze
    - "--path"
    - tests/analysis_error.mel
---
success: true
exit_code: 0
----- stdout -----
[4mError:[0m Integer is not one of the expected types (Regex,String):
	[4;31m2[0m ~=...
	at "tests/analysis_error.mel":0,1

----- stderr -----
