---
source: src/test.rs
info:
  program: brooks-cli
  args:
    - interpret
    - "--path"
    - tests/boolean.mel
---
success: true
exit_code: 0
----- stdout -----
false
Log:
0 to 10: Evaluating function call expression
0 to 7: Evaluating identifier expression
7 to 10: Evaluating argument list expression

----- stderr -----
