---
source: src/test.rs
info:
  program: brooks-cli
  args:
    - analyze
    - "--path"
    - tests/analysis_error4.mel
---
success: true
exit_code: 0
----- stdout -----
[4mError:[0m Bool is not one of the expected types (Integer):
	... + [4;31mfalse[0m
	at "tests/analysis_error4.mel":4,9

----- stderr -----
